
Dbstream print_var output: x == 3
Dbstream print_var output: y == 5

x == 3, y == 5

Dbstream print_list output: v: 
0--1--2--3--4--5--6--7--8--9lalala
