2357,11131719,-232,0,-343,18
2357,11131719,-232,0,-343,18
2357 11131719 -232 0 -343 18
30
